5c5
< anger,忘记我还爱你,"[601   4  11  37   6   0   0   0   0   0   0   0   0   0   0   0   0   0
---
> like,忘记我还爱你,"[601   4  11  37   6   0   0   0   0   0   0   0   0   0   0   0   0   0
7c7
< disgust,你不用在意流泪也只是刚好而已,"[   6  322 1877 2978   15  151    1  781    0    0    0    0    0    0    0
---
> sadness,你不用在意流泪也只是刚好而已,"[   6  322 1877 2978   15  151    1  781    0    0    0    0    0    0    0
13c13
< like,感激你让我拥有秋天的美丽,"[3117    6   34    4  800 4346    2  740    0    0    0    0    0    0    0
---
> happiness,感激你让我拥有秋天的美丽,"[3117    6   34    4  800 4346    2  740    0    0    0    0    0    0    0
15c15
< like,看着那白色的蜻蜓在空中忘了前进,"[  38   25   40 2653    2    1    7 2802  921    1    0    0    0    0    0
---
> disgust,看着那白色的蜻蜓在空中忘了前进,"[  38   25   40 2653    2    1    7 2802  921    1    0    0    0    0    0
21c21
< sadness,黑色毛衣藏在哪里就让回忆永远停在那里,"[1931 3563    1    7  553   13   34    1 1659    7  643    0    0    0    0
---
> anger,黑色毛衣藏在哪里就让回忆永远停在那里,"[1931 3563    1    7  553   13   34    1 1659    7  643    0    0    0    0
28c28
< disgust,想唤醒被遗弃的爱情,"[   1 1167   49 4179    2  733    0    0    0    0    0    0    0    0    0
---
> like,想唤醒被遗弃的爱情,"[   1 1167   49 4179    2  733    0    0    0    0    0    0    0    0    0
30c30
< sadness,雪花已铺满了地,"[   1  232 1214 1476    3  139    0    0    0    0    0    0    0    0    0
---
> like,雪花已铺满了地,"[   1  232 1214 1476    3  139    0    0    0    0    0    0    0    0    0
34c34
< sadness,缓缓飘落的枫叶像思念,"[  1   1   2   1   1 777   0   0   0   0   0   0   0   0   0   0   0   0
---
> like,缓缓飘落的枫叶像思念,"[  1   1   2   1   1 777   0   0   0   0   0   0   0   0   0   0   0   0
40c40
< sadness,北风掠过想你的容颜,"[ 1  1 44  6  2  1  0  0  0  0  0  0  0  0  0  0  0  0  0  0  0  0  0  0  0
---
> disgust,北风掠过想你的容颜,"[ 1  1 44  6  2  1  0  0  0  0  0  0  0  0  0  0  0  0  0  0  0  0  0  0  0
44c44
< sadness,却换不回熟悉的那张脸,"[  95  595    8  830 1312    2   40    1    0    0    0    0    0    0    0
---
> disgust,却换不回熟悉的那张脸,"[  95  595    8  830 1312    2   40    1    0    0    0    0    0    0    0
46c46
< sadness,缓缓飘落的枫叶像思念,"[  1   1   2   1   1 777   0   0   0   0   0   0   0   0   0   0   0   0
---
> like,缓缓飘落的枫叶像思念,"[  1   1   2   1   1 777   0   0   0   0   0   0   0   0   0   0   0   0
52c52
< happiness,两行来自秋末的眼泪,"[  1  36   1   2 803   0   0   0   0   0   0   0   0   0   0   0   0   0
---
> like,两行来自秋末的眼泪,"[  1  36   1   2 803   0   0   0   0   0   0   0   0   0   0   0   0   0
