5c5
< anger,忘记我还爱你,"[601   4  11  37   6   0   0   0   0   0   0   0   0   0   0   0   0   0
---
> like,忘记我还爱你,"[601   4  11  37   6   0   0   0   0   0   0   0   0   0   0   0   0   0
7c7
< disgust,你不用在意流泪也只是刚好而已,"[   6  322 1877 2978   15  151    1  781    0    0    0    0    0    0    0
---
> like,你不用在意流泪也只是刚好而已,"[   6  322 1877 2978   15  151    1  781    0    0    0    0    0    0    0
9c9
< sadness,我早已经待在谷底,"[   4 1405 4031 4291    1    0    0    0    0    0    0    0    0    0    0
---
> disgust,我早已经待在谷底,"[   4 1405 4031 4291    1    0    0    0    0    0    0    0    0    0    0
11c11
< happiness,我知道不能再留住你也知道不能没有骨气,"[  4  71 138  76   1   6  15  71 138 101   1   0   0   0   0   0   0   0
---
> disgust,我知道不能再留住你也知道不能没有骨气,"[  4  71 138  76   1   6  15  71 138 101   1   0   0   0   0   0   0   0
13c13
< like,感激你让我拥有秋天的美丽,"[3117    6   34    4  800 4346    2  740    0    0    0    0    0    0    0
---
> sadness,感激你让我拥有秋天的美丽,"[3117    6   34    4  800 4346    2  740    0    0    0    0    0    0    0
21c21
< sadness,黑色毛衣藏在哪里就让回忆永远停在那里,"[1931 3563    1    7  553   13   34    1 1659    7  643    0    0    0    0
---
> anger,黑色毛衣藏在哪里就让回忆永远停在那里,"[1931 3563    1    7  553   13   34    1 1659    7  643    0    0    0    0
27c27
< like,我轻轻摇曳风铃,[1 1 1 0 0 0 0 0 0 0 0 0 0 0 0 0 0 0 0 0 0 0 0 0 0 0 0 0 0 0]
---
> disgust,我轻轻摇曳风铃,[1 1 1 0 0 0 0 0 0 0 0 0 0 0 0 0 0 0 0 0 0 0 0 0 0 0 0 0 0 0]
34c34
< sadness,缓缓飘落的枫叶像思念,"[  1   1   2   1   1 777   0   0   0   0   0   0   0   0   0   0   0   0
---
> like,缓缓飘落的枫叶像思念,"[  1   1   2   1   1 777   0   0   0   0   0   0   0   0   0   0   0   0
40c40
< sadness,北风掠过想你的容颜,"[ 1  1 44  6  2  1  0  0  0  0  0  0  0  0  0  0  0  0  0  0  0  0  0  0  0
---
> disgust,北风掠过想你的容颜,"[ 1  1 44  6  2  1  0  0  0  0  0  0  0  0  0  0  0  0  0  0  0  0  0  0  0
44c44
< sadness,却换不回熟悉的那张脸,"[  95  595    8  830 1312    2   40    1    0    0    0    0    0    0    0
---
> disgust,却换不回熟悉的那张脸,"[  95  595    8  830 1312    2   40    1    0    0    0    0    0    0    0
46c46
< sadness,缓缓飘落的枫叶像思念,"[  1   1   2   1   1 777   0   0   0   0   0   0   0   0   0   0   0   0
---
> like,缓缓飘落的枫叶像思念,"[  1   1   2   1   1 777   0   0   0   0   0   0   0   0   0   0   0   0
