7c7
< like,你不用在意流泪也只是刚好而已,"[   6  322 1877 2978   15  151    1  781    0    0    0    0    0    0    0
---
> sadness,你不用在意流泪也只是刚好而已,"[   6  322 1877 2978   15  151    1  781    0    0    0    0    0    0    0
9c9
< disgust,我早已经待在谷底,"[   4 1405 4031 4291    1    0    0    0    0    0    0    0    0    0    0
---
> sadness,我早已经待在谷底,"[   4 1405 4031 4291    1    0    0    0    0    0    0    0    0    0    0
11c11
< disgust,我知道不能再留住你也知道不能没有骨气,"[  4  71 138  76   1   6  15  71 138 101   1   0   0   0   0   0   0   0
---
> happiness,我知道不能再留住你也知道不能没有骨气,"[  4  71 138  76   1   6  15  71 138 101   1   0   0   0   0   0   0   0
13c13
< sadness,感激你让我拥有秋天的美丽,"[3117    6   34    4  800 4346    2  740    0    0    0    0    0    0    0
---
> happiness,感激你让我拥有秋天的美丽,"[3117    6   34    4  800 4346    2  740    0    0    0    0    0    0    0
15c15
< like,看着那白色的蜻蜓在空中忘了前进,"[  38   25   40 2653    2    1    7 2802  921    1    0    0    0    0    0
---
> disgust,看着那白色的蜻蜓在空中忘了前进,"[  38   25   40 2653    2    1    7 2802  921    1    0    0    0    0    0
27,28c27,28
< disgust,我轻轻摇曳风铃,[1 1 1 0 0 0 0 0 0 0 0 0 0 0 0 0 0 0 0 0 0 0 0 0 0 0 0 0 0 0]
< disgust,想唤醒被遗弃的爱情,"[   1 1167   49 4179    2  733    0    0    0    0    0    0    0    0    0
---
> like,我轻轻摇曳风铃,[1 1 1 0 0 0 0 0 0 0 0 0 0 0 0 0 0 0 0 0 0 0 0 0 0 0 0 0 0 0]
> like,想唤醒被遗弃的爱情,"[   1 1167   49 4179    2  733    0    0    0    0    0    0    0    0    0
30c30
< sadness,雪花已铺满了地,"[   1  232 1214 1476    3  139    0    0    0    0    0    0    0    0    0
---
> like,雪花已铺满了地,"[   1  232 1214 1476    3  139    0    0    0    0    0    0    0    0    0
52c52
< happiness,两行来自秋末的眼泪,"[  1  36   1   2 803   0   0   0   0   0   0   0   0   0   0   0   0   0
---
> like,两行来自秋末的眼泪,"[  1  36   1   2 803   0   0   0   0   0   0   0   0   0   0   0   0   0
